CREATE TABLE calibration (                       -- generic auto-tuned knobs
  key        TEXT PRIMARY KEY,                   -- e.g. 'goal_stagnation_days'
  value      REAL NOT NULL,
  updated_at TEXT NOT NULL
);

CREATE TABLE config (
  id                        INTEGER PRIMARY KEY DEFAULT 1,  -- singleton: ALWAYS WHERE id=1
  weight_threshold          REAL NOT NULL DEFAULT 0.5,
  hysteresis_margin         REAL NOT NULL DEFAULT 0.05,
  consolidation_enabled     INTEGER NOT NULL DEFAULT 1,
  goal_stagnation_days      INTEGER NOT NULL DEFAULT 21,
  mental_load_threshold     INTEGER NOT NULL DEFAULT 7,
  consolidation_last_run_at TEXT,                -- NULL = never ran
  updated_at                TEXT NOT NULL
);

CREATE TABLE current_state (
  id          TEXT PRIMARY KEY,
  energy      REAL,                              -- 0–1
  mood        TEXT,
  active      INTEGER NOT NULL DEFAULT 1,
  recorded_at TEXT NOT NULL
);

CREATE TABLE decision_log (
  id          TEXT PRIMARY KEY,
  action      TEXT NOT NULL,                     -- e.g. 'capture.classify', 'consolidation.archive'
  rationale   TEXT NOT NULL,
  context     TEXT NOT NULL DEFAULT '{}',        -- JSON
  occurred_at TEXT NOT NULL
);

CREATE TABLE learning_signals (
  id              TEXT PRIMARY KEY,
  signal_type     TEXT NOT NULL,   -- correction|nudge_ack|nudge_ignored|nudge_engaged|nudge_declined|belief_delete|belief_edit|relation_reject|relation_confirm|state_confirmed|state_denied
  valence         TEXT NOT NULL,   -- positive|negative|neutral
  target_kind     TEXT,            -- unit|trigger|belief|relation
  target_id       TEXT,            -- NO FK: the signal outlives the target's deletion
  decision_action TEXT,            -- decision bucket evidenced
  relation_type   TEXT,            -- only for relation_reject/confirm
  magnitude       REAL,
  context         TEXT NOT NULL DEFAULT '{}',
  occurred_at     TEXT NOT NULL
);

CREATE TABLE learning_state (                    -- incremental pass checkpoint
  id                 INTEGER PRIMARY KEY DEFAULT 1,
  last_run_at        TEXT,
  signals_consumed   INTEGER NOT NULL DEFAULT 0,
  goal_calibrated_at TEXT,                       -- goal cadence cooldown
  updated_at         TEXT NOT NULL
);

CREATE TABLE measurements (
  id             TEXT PRIMARY KEY,
  entity         TEXT NOT NULL DEFAULT 'self',   -- self|car|pet|…
  domain         TEXT NOT NULL,                  -- health|finance|fitness|… (a column, not a table)
  metric_key     TEXT NOT NULL,
  value          REAL,
  unit           TEXT,                           -- mg/dL, kg, ARS
  ref_range_low  REAL,
  ref_range_high REAL,
  measured_at    TEXT NOT NULL,                  -- EVENT time (≠ created_at)
  metadata       TEXT,
  ref_unit_id    TEXT REFERENCES units(id) ON DELETE SET NULL,  -- structured_ref anchor
  created_at     TEXT NOT NULL,
  updated_at     TEXT NOT NULL
);

CREATE TABLE relation_thresholds (
  id                         TEXT PRIMARY KEY,
  relation_type              TEXT NOT NULL UNIQUE,
  min_confidence_to_persist  REAL NOT NULL DEFAULT 0.3,
  min_confidence_to_surface  REAL NOT NULL DEFAULT 0.5
);

CREATE TABLE relations (
  id            TEXT PRIMARY KEY,
  from_unit_id  TEXT NOT NULL REFERENCES units(id) ON DELETE CASCADE,
  to_unit_id    TEXT NOT NULL REFERENCES units(id) ON DELETE CASCADE,
  type          TEXT NOT NULL,
  strength      REAL NOT NULL DEFAULT 0.5,
  confidence    REAL NOT NULL DEFAULT 0.5,
  created_by    TEXT NOT NULL DEFAULT 'system',  -- system|consolidation|user
  created_at    TEXT NOT NULL,
  UNIQUE (from_unit_id, to_unit_id, type)
);

CREATE TABLE self_beliefs (
  id                 TEXT PRIMARY KEY,
  facet              TEXT NOT NULL,              -- identity|value|goal|social|preference
  topic_key          TEXT NOT NULL UNIQUE,       -- derived: 'derived/{facet}/{key}'
  content            TEXT NOT NULL,
  metadata           TEXT,                       -- JSON
  confidence         REAL NOT NULL DEFAULT 0.5,
  origin             TEXT NOT NULL DEFAULT 'user_stated', -- seed|derived|user_stated
  source_unit_id     TEXT REFERENCES units(id) ON DELETE SET NULL,
  status             TEXT NOT NULL DEFAULT 'active',
  last_reinforced_at TEXT NOT NULL,
  created_at         TEXT NOT NULL,
  updated_at         TEXT NOT NULL
);

CREATE TABLE timers (                            -- ephemeral: NEVER units
  id            TEXT PRIMARY KEY,
  fire_at       TEXT NOT NULL,
  action_text   TEXT,                            -- NULL = generic nudge
  rendered_text TEXT,                            -- LLM rephrasing at fire time
  status        TEXT NOT NULL DEFAULT 'pending', -- pending|fired|cancelled
  created_at    TEXT NOT NULL,
  fired_at      TEXT,
  surfaced_at   TEXT
);

CREATE TABLE triggers (
  id                TEXT PRIMARY KEY,
  unit_id           TEXT REFERENCES units(id) ON DELETE CASCADE,  -- NULL for pattern_based
  kind              TEXT NOT NULL,               -- time_based|event_based|pattern_based
  status            TEXT NOT NULL DEFAULT 'armed', -- armed|fired|dismissed|expired
  condition         TEXT,                        -- JSON (event/pattern)
  interrupt_level   REAL,                        -- 0–1, persisted (auditable)
  payload           TEXT NOT NULL DEFAULT '{}',  -- JSON (action, rationale, lead_days…)
  fire_at           TEXT,
  fired_at          TEXT,
  surfaced_at       TEXT,                        -- NULL = pending delivery
  responded_at      TEXT,
  resolution        TEXT,                        -- engaged|declined|self_healed
  recurrence_rule   TEXT,                        -- yearly|monthly|NULL
  recurrence_anchor TEXT,                        -- JSON {month, day}
  created_at        TEXT NOT NULL
);

CREATE TABLE unit_embeddings (
  unit_id   TEXT PRIMARY KEY REFERENCES units(id) ON DELETE CASCADE,
  model     TEXT NOT NULL,       -- e.g. 'nomic-embed-text'
  dim       INTEGER NOT NULL,    -- redundant with the blob length, and worth the redundancy
  embedding BLOB NOT NULL,       -- dim × float32, little-endian, L2-normalized on write
  created_at TEXT NOT NULL
);

CREATE TABLE units (
  id                 TEXT PRIMARY KEY,
  type               TEXT NOT NULL,              -- task|mental_load|event|knowledge|procedural|emotional|list|structured_ref|insight
  content            TEXT NOT NULL,
  status             TEXT NOT NULL DEFAULT 'pool',  -- pool|archived|superseded|incomplete
  weight             REAL NOT NULL DEFAULT 1.0,
  weight_decay_rate  REAL NOT NULL DEFAULT 0.01,
  last_touched_at    TEXT NOT NULL,
  structured_data    TEXT,                       -- JSON
  source             TEXT NOT NULL DEFAULT 'chat',
  event_at           TEXT,
  due_at             TEXT,
  confidence         REAL,
  created_at         TEXT NOT NULL,
  updated_at         TEXT NOT NULL
);

CREATE VIRTUAL TABLE units_fts USING fts5(
  content, content='units', content_rowid='rowid'
);

CREATE INDEX idx_decision_log_occurred ON decision_log(occurred_at);

CREATE INDEX idx_learning_signals_occurred ON learning_signals(occurred_at);

CREATE INDEX idx_measurements_metric ON measurements(domain, metric_key, measured_at);

CREATE INDEX idx_measurements_ref_unit ON measurements(ref_unit_id);

CREATE INDEX idx_triggers_status_fire ON triggers(status, fire_at);

CREATE INDEX idx_unit_embeddings_model ON unit_embeddings(model);

CREATE INDEX idx_units_status_touched ON units(status, last_touched_at);

CREATE UNIQUE INDEX idx_units_unique_active_insight
  ON units(type, json_extract(structured_data,'$.domain'),
                 json_extract(structured_data,'$.metricKey'))
  WHERE status = 'pool' AND type = 'insight';

CREATE TRIGGER units_fts_ad AFTER DELETE ON units BEGIN
  INSERT INTO units_fts(units_fts, rowid, content) VALUES ('delete', old.rowid, old.content);
END;

CREATE TRIGGER units_fts_ai AFTER INSERT ON units BEGIN
  INSERT INTO units_fts(rowid, content) VALUES (new.rowid, new.content);
END;

CREATE TRIGGER units_fts_au AFTER UPDATE ON units BEGIN
  INSERT INTO units_fts(units_fts, rowid, content) VALUES ('delete', old.rowid, old.content);
  INSERT INTO units_fts(rowid, content) VALUES (new.rowid, new.content);
END;
