# nooma store API golden — regenerate with `make store-api-golden`.
# Adding a line here is a deliberate widening of the store surface. Read it as such.
internal/store/sqlite: func (*Vault) Check(ctx context.Context) error
internal/store/sqlite: func (*Vault) Close() error
internal/store/sqlite: func (*Vault) Path() string
internal/store/sqlite: func (*Vault) Stats() sql.DBStats
internal/store/sqlite: func (*VersionError) Error() string
internal/store/sqlite: func Open(ctx context.Context, dbPath string) (*Vault, error)
internal/store/sqlite: type Vault
internal/store/sqlite: type VersionError
internal/store/sqlite: var ErrRelativeDBPath
