# nooma store API golden — regenerate with `make store-api-golden`.
# Adding a line here is a deliberate widening of the store surface. Read it as such.
internal/store/sqlite: func (*Vault) Check(ctx context.Context) error
internal/store/sqlite: func (*Vault) Close() error
internal/store/sqlite: func (*Vault) IntegrityCheck(ctx context.Context) error
internal/store/sqlite: func (*Vault) Path() string
internal/store/sqlite: func (*Vault) SchemaVersion(ctx context.Context) (int, error)
internal/store/sqlite: func (*Vault) Stats() sql.DBStats
internal/store/sqlite: func (*VersionError) Error() string
internal/store/sqlite: func Open(ctx context.Context, dbPath string) (*Vault, error)
internal/store/sqlite: type Vault
internal/store/sqlite: type VersionError
internal/store/sqlite: var ErrRelativeDBPath
internal/store/vaultlock: const LockFileName
internal/store/vaultlock: func (*InUseError) Error() string
internal/store/vaultlock: func (*Lock) Release() error
internal/store/vaultlock: func Acquire(vaultDir string) (*Lock, error)
internal/store/vaultlock: func ReadHolder(vaultDir string) (pid int, held bool, err error)
internal/store/vaultlock: type InUseError
internal/store/vaultlock: type Lock
