# nooma store API golden — regenerate with `make store-api-golden`.
# Adding a line here is a deliberate widening of the store surface. Read it as such.
internal/store/sqlite: func (*ConfigRepo) Load(ctx context.Context) (ports.VaultConfig, error)
internal/store/sqlite: func (*ConfigRepo) RecordConsolidationRun(ctx context.Context, at time.Time) error
internal/store/sqlite: func (*DecisionLog) Record(ctx context.Context, d ports.Decision) error
internal/store/sqlite: func (*DecisionLog) Since(ctx context.Context, t time.Time, limit int) ([]ports.Decision, error)
internal/store/sqlite: func (*EmbeddingRepo) CountLiveWithoutEmbedding(ctx context.Context) (int, error)
internal/store/sqlite: func (*EmbeddingRepo) LoadIndex(ctx context.Context, model string) (recall.VectorIndex, error)
internal/store/sqlite: func (*EmbeddingRepo) Put(ctx context.Context, e ports.Embedding) error
internal/store/sqlite: func (*RelationRepo) ByUnit(ctx context.Context, unitID string) ([]ports.Relation, error)
internal/store/sqlite: func (*RelationRepo) Evidence(ctx context.Context) ([]consolidation.RelationEvidence, error)
internal/store/sqlite: func (*RelationRepo) ExistingPairs(ctx context.Context, pairs []consolidation.Pair) (map[consolidation.Pair]bool, error)
internal/store/sqlite: func (*RelationRepo) ThresholdsFor(ctx context.Context, relType string) (*relation.Thresholds, error)
internal/store/sqlite: func (*RelationRepo) Upsert(ctx context.Context, rel ports.Relation) error
internal/store/sqlite: func (*Search) SearchLexical(ctx context.Context, tokens []string, k int) ([]string, error)
internal/store/sqlite: func (*SelfModelRepo) ActiveBeliefs(ctx context.Context) ([]ports.Belief, error)
internal/store/sqlite: func (*SelfModelRepo) ReinforceByID(ctx context.Context, id string, confidence float64, at time.Time) error
internal/store/sqlite: func (*SelfModelRepo) UpsertByTopicKey(ctx context.Context, b ports.Belief) error
internal/store/sqlite: func (*SignalRepo) Record(ctx context.Context, s ports.Signal) error
internal/store/sqlite: func (*SignalRepo) Since(ctx context.Context, t time.Time, limit int) ([]ports.Signal, error)
internal/store/sqlite: func (*StateRepo) LastHypothesisAt(ctx context.Context) (*time.Time, error)
internal/store/sqlite: func (*StateRepo) OpenHypothesis(ctx context.Context, h ports.StateHypothesis) error
internal/store/sqlite: func (*TimerRepo) Cancel(ctx context.Context, id string) error
internal/store/sqlite: func (*TimerRepo) Create(ctx context.Context, t ports.Timer) error
internal/store/sqlite: func (*TimerRepo) Due(ctx context.Context, at time.Time) ([]ports.DueTimer, error)
internal/store/sqlite: func (*TimerRepo) Fire(ctx context.Context, id string, at time.Time) error
internal/store/sqlite: func (*TriggerRepo) Create(ctx context.Context, t ports.Trigger) error
internal/store/sqlite: func (*TriggerRepo) Due(ctx context.Context, at time.Time) ([]ports.DueTrigger, error)
internal/store/sqlite: func (*TriggerRepo) Expire(ctx context.Context, id string) error
internal/store/sqlite: func (*TriggerRepo) Fire(ctx context.Context, id string, at time.Time) error
internal/store/sqlite: func (*UnitRepo) ApplyBoosts(ctx context.Context, boosts []weight.Boost, at time.Time) error
internal/store/sqlite: func (*UnitRepo) ByID(ctx context.Context, id string) (unit.Unit, error)
internal/store/sqlite: func (*UnitRepo) CountLiveByType(ctx context.Context, t unit.Type) (int, error)
internal/store/sqlite: func (*UnitRepo) Create(ctx context.Context, u unit.Unit) error
internal/store/sqlite: func (*UnitRepo) IncompleteOlderThan(ctx context.Context, cutoff time.Time) ([]consolidation.Incomplete, error)
internal/store/sqlite: func (*UnitRepo) LiveByIDs(ctx context.Context, ids []string) ([]unit.Unit, error)
internal/store/sqlite: func (*UnitRepo) LiveDecayStates(ctx context.Context) ([]consolidation.Cold, error)
internal/store/sqlite: func (*UnitRepo) LiveFocusCandidates(ctx context.Context, ids []string) ([]focus.Candidate, error)
internal/store/sqlite: func (*UnitRepo) SetStatus(ctx context.Context, id string, from, to unit.Status, at time.Time) error
internal/store/sqlite: func (*UnitRepo) UpdateContent(ctx context.Context, id, content string, at time.Time) error
internal/store/sqlite: func (*UnitRepo) UpdateDueAt(ctx context.Context, id string, dueAt, at time.Time) error
internal/store/sqlite: func (*UnitRepo) UpdateEventAt(ctx context.Context, id string, eventAt, at time.Time) error
internal/store/sqlite: func (*Vault) Check(ctx context.Context) error
internal/store/sqlite: func (*Vault) Close() error
internal/store/sqlite: func (*Vault) IntegrityCheck(ctx context.Context) error
internal/store/sqlite: func (*Vault) Path() string
internal/store/sqlite: func (*Vault) SchemaVersion(ctx context.Context) (int, error)
internal/store/sqlite: func (*Vault) Stats() sql.DBStats
internal/store/sqlite: func (*VersionError) Error() string
internal/store/sqlite: func NewConfigRepo(v *Vault) *ConfigRepo
internal/store/sqlite: func NewDecisionLog(v *Vault) *DecisionLog
internal/store/sqlite: func NewEmbeddingRepo(v *Vault) *EmbeddingRepo
internal/store/sqlite: func NewRelationRepo(v *Vault) *RelationRepo
internal/store/sqlite: func NewSearch(v *Vault) *Search
internal/store/sqlite: func NewSelfModelRepo(v *Vault) *SelfModelRepo
internal/store/sqlite: func NewSignalRepo(v *Vault) *SignalRepo
internal/store/sqlite: func NewStateRepo(v *Vault) *StateRepo
internal/store/sqlite: func NewTimerRepo(v *Vault) *TimerRepo
internal/store/sqlite: func NewTriggerRepo(v *Vault) *TriggerRepo
internal/store/sqlite: func NewUnitRepo(v *Vault) *UnitRepo
internal/store/sqlite: func Open(ctx context.Context, dbPath string) (*Vault, error)
internal/store/sqlite: type ConfigRepo
internal/store/sqlite: type DecisionLog
internal/store/sqlite: type EmbeddingRepo
internal/store/sqlite: type RelationRepo
internal/store/sqlite: type Search
internal/store/sqlite: type SelfModelRepo
internal/store/sqlite: type SignalRepo
internal/store/sqlite: type StateRepo
internal/store/sqlite: type TimerRepo
internal/store/sqlite: type TriggerRepo
internal/store/sqlite: type UnitRepo
internal/store/sqlite: type Vault
internal/store/sqlite: type VersionError
internal/store/sqlite: var ErrRelativeDBPath
internal/store/vaultlock: const LockFileName
internal/store/vaultlock: func (*InUseError) Error() string
internal/store/vaultlock: func (*Lock) Release() error
internal/store/vaultlock: func Acquire(vaultDir string) (*Lock, error)
internal/store/vaultlock: func ReadHolder(vaultDir string) (pid int, held bool, err error)
internal/store/vaultlock: type InUseError
internal/store/vaultlock: type Lock
